usage: cmake-tidy analyze [-h]

optional arguments:
  -h, --help  show this help message and exit
