
if(NOT Value)
	if(GoogleTest_FOUND AND NOT (TARGET GoogleTest::GoogleTest))
		set(SOME_VALUE ON)
	elseif(CMAKE_GENERATOR STREQUAL "Visual Studio 15 2017"
				OR CMAKE_GENERATOR STREQUAL "Visual Studio 16 2019")
		set(SOME_VALUE ON)
		if(EXISTS ${CMAKE_HOME_DIRECTORY}/ABC/${GTest_DIR}/${GTest_COMPONENT}/source)
			set(SOME_VALUE ON)
		endif()
		if(BUILD_SHARED_LIBS
				AND ((${CMAKE_SYSTEM_NAME} STREQUAL Windows)
					OR (${CMAKE_SYSTEM_NAME} STREQUAL WindowsCE
						AND NOT ${CMAKE_SYSTEM_VERSION} VERSION_EQUAL 6.00)))
			set(SOME_VALUE ON)
			if((${CMAKE_CXX_COMPILER_ID} STREQUAL "GNU")
					AND ((${CMAKE_CXX_COMPILER_VERSION} VERSION_LESS "9")
						OR (CMAKE_SIZE_OF_VOID_P EQUAL 4)
						OR (${CMAKE_SYSTEM_PROCESSOR} STREQUAL "arm"))) # TODO: implict definition of A_PLATFORM
				set(SOME_VALUE ON)

			endif()
		endif()

	endif()
endif()

