usage: cmake-tidy [-h] {format} ...
cmake-tidy: error: argument sub_command: invalid choice: '' (choose from 'format')
