cmake-tidy format: File <path>arguments.cmake is read-only!
