usage: cmake-tidy [-h] [-v] {format,analyze} ...
cmake-tidy: error: argument sub_command: invalid choice: 'invalid' (choose from 'format', 'analyze')
